[[[[[[[  Function   0  ]]]]]]]
Local 0: mapped to: 0 range [1 - 11]
Number of locals reduced from 1 to 1
0: Opcode: i64.const
  Result[0]: i64
1: Opcode: local.set
  Index: 0
  Param[0]: ref:0(0)
2: Opcode: i64.const
  Result[0]: i64
3: Opcode: local.get
  Index: 0
  Result[0]: i64
4: Opcode: i64.mul
  Param[0]: ref:2(0)
  Param[1]: ref:3(0)
  Result[0]: i64
5: Opcode: i64.const
  Result[0]: i64
6: Opcode: local.get
  Index: 0
  Result[0]: i64
7: Opcode: i64.mul
  Param[0]: ref:5(0)
  Param[1]: ref:6(0)
  Result[0]: i64
8: Opcode: i64.const
  Result[0]: i64
9: Opcode: local.set
  Index: 0
  Param[0]: ref:8(0)
10: Opcode: local.get
  Index: 0
  Result[0]: i64
11: Opcode: local.get
  Index: 0
  Result[0]: i64
12: Opcode: i64.mul
  Param[0]: ref:10(0)
  Param[1]: ref:11(0)
  Result[0]: i64
13: Opcode: return
  Param[0]: ref:4(0)
  Param[1]: ref:7(0)
  Param[2]: ref:12(0)
------------------------------
Frame size: 0, Arguments size: 32 (total: 32)
0: Opcode: i64.const
  Result[0]: i64 unused
1: Opcode: local.set
  Addr: sp[24]
  Param[0]: i64 const:0
2: Opcode: i64.const
  Result[0]: i64 unused
3: Opcode: local.get
  Addr: sp[24]
  Result[0]: i64 unused
4: Opcode: i64.mul
  Param[0]: i64 const:2
  Param[1]: i64 sp[24]
  Result[0]: i64 sp[0]
5: Opcode: i64.const
  Result[0]: i64 unused
6: Opcode: local.get
  Addr: sp[24]
  Result[0]: i64 unused
7: Opcode: i64.mul
  Param[0]: i64 const:5
  Param[1]: i64 sp[24]
  Result[0]: i64 sp[8]
8: Opcode: i64.const
  Result[0]: i64 unused
9: Opcode: local.set
  Addr: sp[24]
  Param[0]: i64 const:8
10: Opcode: local.get
  Addr: sp[24]
  Result[0]: i64 unused
11: Opcode: local.get
  Addr: sp[24]
  Result[0]: i64 unused
12: Opcode: i64.mul
  Param[0]: i64 sp[24]
  Param[1]: i64 sp[24]
  Result[0]: i64 sp[16]
13: Opcode: return
  Param[0]: i64 sp[0]
  Param[1]: i64 sp[8]
  Param[2]: i64 sp[16]

[[[[[[[  Function   1  ]]]]]]]
Local 0: mapped to: 0 range [1 - 11]
Number of locals reduced from 1 to 1
0: Opcode: i32.const
  Result[0]: i32
1: Opcode: local.set
  Index: 0
  Param[0]: ref:0(0)
2: Opcode: i32.const
  Result[0]: i32
3: Opcode: local.get
  Index: 0
  Result[0]: i32
4: Opcode: i32.mul
  Param[0]: ref:2(0)
  Param[1]: ref:3(0)
  Result[0]: i32
5: Opcode: i32.const
  Result[0]: i32
6: Opcode: local.get
  Index: 0
  Result[0]: i32
7: Opcode: i32.mul
  Param[0]: ref:5(0)
  Param[1]: ref:6(0)
  Result[0]: i32
8: Opcode: i32.const
  Result[0]: i32
9: Opcode: local.set
  Index: 0
  Param[0]: ref:8(0)
10: Opcode: local.get
  Index: 0
  Result[0]: i32
11: Opcode: local.get
  Index: 0
  Result[0]: i32
12: Opcode: i32.mul
  Param[0]: ref:10(0)
  Param[1]: ref:11(0)
  Result[0]: i32
13: Opcode: return
  Param[0]: ref:4(0)
  Param[1]: ref:7(0)
  Param[2]: ref:12(0)
------------------------------
Frame size: 0, Arguments size: 16 (total: 16)
0: Opcode: i32.const
  Result[0]: i32 unused
1: Opcode: local.set
  Addr: sp[12]
  Param[0]: i32 const:0
2: Opcode: i32.const
  Result[0]: i32 unused
3: Opcode: local.get
  Addr: sp[12]
  Result[0]: i32 unused
4: Opcode: i32.mul
  Param[0]: i32 const:2
  Param[1]: i32 sp[12]
  Result[0]: i32 sp[0]
5: Opcode: i32.const
  Result[0]: i32 unused
6: Opcode: local.get
  Addr: sp[12]
  Result[0]: i32 unused
7: Opcode: i32.mul
  Param[0]: i32 const:5
  Param[1]: i32 sp[12]
  Result[0]: i32 sp[4]
8: Opcode: i32.const
  Result[0]: i32 unused
9: Opcode: local.set
  Addr: sp[12]
  Param[0]: i32 const:8
10: Opcode: local.get
  Addr: sp[12]
  Result[0]: i32 unused
11: Opcode: local.get
  Addr: sp[12]
  Result[0]: i32 unused
12: Opcode: i32.mul
  Param[0]: i32 sp[12]
  Param[1]: i32 sp[12]
  Result[0]: i32 sp[8]
13: Opcode: return
  Param[0]: i32 sp[0]
  Param[1]: i32 sp[4]
  Param[2]: i32 sp[8]

test1() => i64:100000000000000, i64:18446644073709551616, i64:100000000000000
test2() => i32:100000000, i32:4194967296, i32:100000000
