[[[[[[[  Function   0  ]]]]]]]
Local 0: mapped to: 0 range [1 - 16]
Local 1: mapped to: 1 range [3 - 15]
Local 2: mapped to: 2 range [5 - 19]
Number of locals reduced from 3 to 3
0: Opcode: i32.const
  Result[0]: i32
1: Opcode: local.set
  Index: 0
  Param[0]: ref:0(0)
2: Opcode: i32.const
  Result[0]: i32
3: Opcode: local.set
  Index: 1
  Param[0]: ref:2(0)
4: Opcode: i32.const
  Result[0]: i32
5: Opcode: local.set
  Index: 2
  Param[0]: ref:4(0)
6: Opcode: i32.const
  Result[0]: i32
7: Opcode: local.get
  Index: 0
  Result[0]: i32
8: Opcode: i32.div_s
  Param[0]: ref:6(0)
  Param[1]: ref:7(0)
  Result[0]: i32
9: Opcode: local.get
  Index: 1
  Result[0]: i32
10: Opcode: i32.const
  Result[0]: i32
11: Opcode: i32.rem_s
  Param[0]: ref:9(0)
  Param[1]: ref:10(0)
  Result[0]: i32
12: Opcode: i32.const
  Result[0]: i32
13: Opcode: local.get
  Index: 0
  Result[0]: i32
14: Opcode: i32.div_s
  Param[0]: ref:12(0)
  Param[1]: ref:13(0)
  Result[0]: i32
15: Opcode: local.get
  Index: 1
  Result[0]: i32
16: Opcode: local.get
  Index: 0
  Result[0]: i32
17: Opcode: i32.rem_s
  Param[0]: ref:15(0)
  Param[1]: ref:16(0)
  Result[0]: i32
18: Opcode: i32.const
  Result[0]: i32
19: Opcode: local.get
  Index: 2
  Result[0]: i32
20: Opcode: i32.div_s
  Param[0]: ref:18(0)
  Param[1]: ref:19(0)
  Result[0]: i32
21: Opcode: return
  Param[0]: ref:8(0)
  Param[1]: ref:11(0)
  Param[2]: ref:14(0)
  Param[3]: ref:17(0)
  Param[4]: ref:20(0)
------------------------------
Frame size: 0, Arguments size: 32 (total: 32)
0: Opcode: i32.const
  Result[0]: i32 unused
1: Opcode: local.set
  Addr: sp[20]
  Param[0]: i32 const:0
2: Opcode: i32.const
  Result[0]: i32 unused
3: Opcode: local.set
  Addr: sp[24]
  Param[0]: i32 const:2
4: Opcode: i32.const
  Result[0]: i32 unused
5: Opcode: local.set
  Addr: sp[28]
  Param[0]: i32 const:4
6: Opcode: i32.const
  Result[0]: i32 unused
7: Opcode: local.get
  Addr: sp[20]
  Result[0]: i32 unused
8: Opcode: i32.div_s
  Param[0]: i32 const:6
  Param[1]: i32 sp[20]
  Result[0]: i32 sp[0]
9: Opcode: local.get
  Addr: sp[24]
  Result[0]: i32 unused
10: Opcode: i32.const
  Result[0]: i32 unused
11: Opcode: i32.rem_s
  Param[0]: i32 sp[24]
  Param[1]: i32 const:10
  Result[0]: i32 sp[4]
12: Opcode: i32.const
  Result[0]: i32 unused
13: Opcode: local.get
  Addr: sp[20]
  Result[0]: i32 unused
14: Opcode: i32.div_s
  Param[0]: i32 const:12
  Param[1]: i32 sp[20]
  Result[0]: i32 sp[8]
15: Opcode: local.get
  Addr: sp[24]
  Result[0]: i32 unused
16: Opcode: local.get
  Addr: sp[20]
  Result[0]: i32 unused
17: Opcode: i32.rem_s
  Param[0]: i32 sp[24]
  Param[1]: i32 sp[20]
  Result[0]: i32 sp[12]
18: Opcode: i32.const
  Result[0]: i32 unused
19: Opcode: local.get
  Addr: sp[28]
  Result[0]: i32 unused
20: Opcode: i32.div_s
  Param[0]: i32 const:18
  Param[1]: i32 sp[28]
  Result[0]: i32 sp[16]
21: Opcode: return
  Param[0]: i32 sp[0]
  Param[1]: i32 sp[4]
  Param[2]: i32 sp[8]
  Param[3]: i32 sp[12]
  Param[4]: i32 sp[16]

[[[[[[[  Function   1  ]]]]]]]
Local 0: mapped to: 0 range [1 - 16]
Local 1: mapped to: 1 range [3 - 15]
Local 2: mapped to: 2 range [5 - 19]
Number of locals reduced from 3 to 3
0: Opcode: i32.const
  Result[0]: i32
1: Opcode: local.set
  Index: 0
  Param[0]: ref:0(0)
2: Opcode: i32.const
  Result[0]: i32
3: Opcode: local.set
  Index: 1
  Param[0]: ref:2(0)
4: Opcode: i32.const
  Result[0]: i32
5: Opcode: local.set
  Index: 2
  Param[0]: ref:4(0)
6: Opcode: i32.const
  Result[0]: i32
7: Opcode: local.get
  Index: 0
  Result[0]: i32
8: Opcode: i32.div_u
  Param[0]: ref:6(0)
  Param[1]: ref:7(0)
  Result[0]: i32
9: Opcode: local.get
  Index: 1
  Result[0]: i32
10: Opcode: i32.const
  Result[0]: i32
11: Opcode: i32.rem_u
  Param[0]: ref:9(0)
  Param[1]: ref:10(0)
  Result[0]: i32
12: Opcode: i32.const
  Result[0]: i32
13: Opcode: local.get
  Index: 0
  Result[0]: i32
14: Opcode: i32.div_u
  Param[0]: ref:12(0)
  Param[1]: ref:13(0)
  Result[0]: i32
15: Opcode: local.get
  Index: 1
  Result[0]: i32
16: Opcode: local.get
  Index: 0
  Result[0]: i32
17: Opcode: i32.rem_u
  Param[0]: ref:15(0)
  Param[1]: ref:16(0)
  Result[0]: i32
18: Opcode: i32.const
  Result[0]: i32
19: Opcode: local.get
  Index: 2
  Result[0]: i32
20: Opcode: i32.div_s
  Param[0]: ref:18(0)
  Param[1]: ref:19(0)
  Result[0]: i32
21: Opcode: return
  Param[0]: ref:8(0)
  Param[1]: ref:11(0)
  Param[2]: ref:14(0)
  Param[3]: ref:17(0)
  Param[4]: ref:20(0)
------------------------------
Frame size: 0, Arguments size: 32 (total: 32)
0: Opcode: i32.const
  Result[0]: i32 unused
1: Opcode: local.set
  Addr: sp[20]
  Param[0]: i32 const:0
2: Opcode: i32.const
  Result[0]: i32 unused
3: Opcode: local.set
  Addr: sp[24]
  Param[0]: i32 const:2
4: Opcode: i32.const
  Result[0]: i32 unused
5: Opcode: local.set
  Addr: sp[28]
  Param[0]: i32 const:4
6: Opcode: i32.const
  Result[0]: i32 unused
7: Opcode: local.get
  Addr: sp[20]
  Result[0]: i32 unused
8: Opcode: i32.div_u
  Param[0]: i32 const:6
  Param[1]: i32 sp[20]
  Result[0]: i32 sp[0]
9: Opcode: local.get
  Addr: sp[24]
  Result[0]: i32 unused
10: Opcode: i32.const
  Result[0]: i32 unused
11: Opcode: i32.rem_u
  Param[0]: i32 sp[24]
  Param[1]: i32 const:10
  Result[0]: i32 sp[4]
12: Opcode: i32.const
  Result[0]: i32 unused
13: Opcode: local.get
  Addr: sp[20]
  Result[0]: i32 unused
14: Opcode: i32.div_u
  Param[0]: i32 const:12
  Param[1]: i32 sp[20]
  Result[0]: i32 sp[8]
15: Opcode: local.get
  Addr: sp[24]
  Result[0]: i32 unused
16: Opcode: local.get
  Addr: sp[20]
  Result[0]: i32 unused
17: Opcode: i32.rem_u
  Param[0]: i32 sp[24]
  Param[1]: i32 sp[20]
  Result[0]: i32 sp[12]
18: Opcode: i32.const
  Result[0]: i32 unused
19: Opcode: local.get
  Addr: sp[28]
  Result[0]: i32 unused
20: Opcode: i32.div_s
  Param[0]: i32 const:18
  Param[1]: i32 sp[28]
  Result[0]: i32 sp[16]
21: Opcode: return
  Param[0]: i32 sp[0]
  Param[1]: i32 sp[4]
  Param[2]: i32 sp[8]
  Param[3]: i32 sp[12]
  Param[4]: i32 sp[16]

[[[[[[[  Function   2  ]]]]]]]
Local 0: mapped to: 0 range [1 - 3]
Number of locals reduced from 1 to 1
0: Opcode: i32.const
  Result[0]: i32
1: Opcode: local.set
  Index: 0
  Param[0]: ref:0(0)
2: Opcode: i32.const
  Result[0]: i32
3: Opcode: local.get
  Index: 0
  Result[0]: i32
4: Opcode: i32.div_s
  Param[0]: ref:2(0)
  Param[1]: ref:3(0)
  Result[0]: i32
5: Opcode: return
  Param[0]: ref:4(0)
------------------------------
Frame size: 0, Arguments size: 16 (total: 16)
0: Opcode: i32.const
  Result[0]: i32 unused
1: Opcode: local.set
  Addr: sp[4]
  Param[0]: i32 const:0
2: Opcode: i32.const
  Result[0]: i32 unused
3: Opcode: local.get
  Addr: sp[4]
  Result[0]: i32 unused
4: Opcode: i32.div_s
  Param[0]: i32 const:2
  Param[1]: i32 sp[4]
  Result[0]: i32 sp[0]
5: Opcode: return
  Param[0]: i32 sp[0]

[[[[[[[  Function   3  ]]]]]]]
Local 0: mapped to: 0 range [1 - 3]
Number of locals reduced from 1 to 1
0: Opcode: i32.const
  Result[0]: i32
1: Opcode: local.set
  Index: 0
  Param[0]: ref:0(0)
2: Opcode: i32.const
  Result[0]: i32
3: Opcode: local.get
  Index: 0
  Result[0]: i32
4: Opcode: i32.div_s
  Param[0]: ref:2(0)
  Param[1]: ref:3(0)
  Result[0]: i32
5: Opcode: return
  Param[0]: ref:4(0)
------------------------------
Frame size: 0, Arguments size: 16 (total: 16)
0: Opcode: i32.const
  Result[0]: i32 unused
1: Opcode: local.set
  Addr: sp[4]
  Param[0]: i32 const:0
2: Opcode: i32.const
  Result[0]: i32 unused
3: Opcode: local.get
  Addr: sp[4]
  Result[0]: i32 unused
4: Opcode: i32.div_s
  Param[0]: i32 const:2
  Param[1]: i32 sp[4]
  Result[0]: i32 sp[0]
5: Opcode: return
  Param[0]: i32 sp[0]

[[[[[[[  Function   4  ]]]]]]]
Local 0: mapped to: 0 range [1 - 3]
Number of locals reduced from 1 to 1
0: Opcode: i32.const
  Result[0]: i32
1: Opcode: local.set
  Index: 0
  Param[0]: ref:0(0)
2: Opcode: i32.const
  Result[0]: i32
3: Opcode: local.get
  Index: 0
  Result[0]: i32
4: Opcode: i32.rem_s
  Param[0]: ref:2(0)
  Param[1]: ref:3(0)
  Result[0]: i32
5: Opcode: return
  Param[0]: ref:4(0)
------------------------------
Frame size: 0, Arguments size: 16 (total: 16)
0: Opcode: i32.const
  Result[0]: i32 unused
1: Opcode: local.set
  Addr: sp[4]
  Param[0]: i32 const:0
2: Opcode: i32.const
  Result[0]: i32 unused
3: Opcode: local.get
  Addr: sp[4]
  Result[0]: i32 unused
4: Opcode: i32.rem_s
  Param[0]: i32 const:2
  Param[1]: i32 sp[4]
  Result[0]: i32 sp[0]
5: Opcode: return
  Param[0]: i32 sp[0]

[[[[[[[  Function   5  ]]]]]]]
Local 0: mapped to: 0 range [1 - 3]
Number of locals reduced from 1 to 1
0: Opcode: i32.const
  Result[0]: i32
1: Opcode: local.set
  Index: 0
  Param[0]: ref:0(0)
2: Opcode: i32.const
  Result[0]: i32
3: Opcode: local.get
  Index: 0
  Result[0]: i32
4: Opcode: i32.rem_s
  Param[0]: ref:2(0)
  Param[1]: ref:3(0)
  Result[0]: i32
5: Opcode: return
  Param[0]: ref:4(0)
------------------------------
Frame size: 0, Arguments size: 16 (total: 16)
0: Opcode: i32.const
  Result[0]: i32 unused
1: Opcode: local.set
  Addr: sp[4]
  Param[0]: i32 const:0
2: Opcode: i32.const
  Result[0]: i32 unused
3: Opcode: local.get
  Addr: sp[4]
  Result[0]: i32 unused
4: Opcode: i32.rem_s
  Param[0]: i32 const:2
  Param[1]: i32 sp[4]
  Result[0]: i32 sp[0]
5: Opcode: return
  Param[0]: i32 sp[0]

[[[[[[[  Function   6  ]]]]]]]
Local 0: mapped to: 0 range [1 - 3]
Number of locals reduced from 1 to 1
0: Opcode: i32.const
  Result[0]: i32
1: Opcode: local.set
  Index: 0
  Param[0]: ref:0(0)
2: Opcode: i32.const
  Result[0]: i32
3: Opcode: local.get
  Index: 0
  Result[0]: i32
4: Opcode: i32.div_u
  Param[0]: ref:2(0)
  Param[1]: ref:3(0)
  Result[0]: i32
5: Opcode: return
  Param[0]: ref:4(0)
------------------------------
Frame size: 0, Arguments size: 16 (total: 16)
0: Opcode: i32.const
  Result[0]: i32 unused
1: Opcode: local.set
  Addr: sp[4]
  Param[0]: i32 const:0
2: Opcode: i32.const
  Result[0]: i32 unused
3: Opcode: local.get
  Addr: sp[4]
  Result[0]: i32 unused
4: Opcode: i32.div_u
  Param[0]: i32 const:2
  Param[1]: i32 sp[4]
  Result[0]: i32 sp[0]
5: Opcode: return
  Param[0]: i32 sp[0]

[[[[[[[  Function   7  ]]]]]]]
Local 0: mapped to: 0 range [1 - 3]
Number of locals reduced from 1 to 1
0: Opcode: i32.const
  Result[0]: i32
1: Opcode: local.set
  Index: 0
  Param[0]: ref:0(0)
2: Opcode: i32.const
  Result[0]: i32
3: Opcode: local.get
  Index: 0
  Result[0]: i32
4: Opcode: i32.rem_u
  Param[0]: ref:2(0)
  Param[1]: ref:3(0)
  Result[0]: i32
5: Opcode: return
  Param[0]: ref:4(0)
------------------------------
Frame size: 0, Arguments size: 16 (total: 16)
0: Opcode: i32.const
  Result[0]: i32 unused
1: Opcode: local.set
  Addr: sp[4]
  Param[0]: i32 const:0
2: Opcode: i32.const
  Result[0]: i32 unused
3: Opcode: local.get
  Addr: sp[4]
  Result[0]: i32 unused
4: Opcode: i32.rem_u
  Param[0]: i32 const:2
  Param[1]: i32 sp[4]
  Result[0]: i32 sp[0]
5: Opcode: return
  Param[0]: i32 sp[0]

test1() => i32:285, i32:1503, i32:4294967011, i32:3082, i32:2147483647
test2() => i32:285, i32:1503, i32:990092, i32:3082, i32:4294967295
test3() => i32:0
test4() => i32:0
test5() => i32:0
test6() => i32:0
test7() => i32:0
test8() => i32:0
