[[[[[[[  Function   0  ]]]]]]]
Local 0: mapped to: 0 range [1 - 16]
Local 1: mapped to: 1 range [3 - 15]
Local 2: mapped to: 2 range [5 - 19]
Number of locals reduced from 3 to 3
0: Opcode: i64.const
  Result[0]: i64
1: Opcode: local.set
  Index: 0
  Param[0]: ref:0(0)
2: Opcode: i64.const
  Result[0]: i64
3: Opcode: local.set
  Index: 1
  Param[0]: ref:2(0)
4: Opcode: i64.const
  Result[0]: i64
5: Opcode: local.set
  Index: 2
  Param[0]: ref:4(0)
6: Opcode: i64.const
  Result[0]: i64
7: Opcode: local.get
  Index: 0
  Result[0]: i64
8: Opcode: i64.div_s
  Param[0]: ref:6(0)
  Param[1]: ref:7(0)
  Result[0]: i64
9: Opcode: local.get
  Index: 1
  Result[0]: i64
10: Opcode: i64.const
  Result[0]: i64
11: Opcode: i64.rem_s
  Param[0]: ref:9(0)
  Param[1]: ref:10(0)
  Result[0]: i64
12: Opcode: i64.const
  Result[0]: i64
13: Opcode: local.get
  Index: 0
  Result[0]: i64
14: Opcode: i64.div_s
  Param[0]: ref:12(0)
  Param[1]: ref:13(0)
  Result[0]: i64
15: Opcode: local.get
  Index: 1
  Result[0]: i64
16: Opcode: local.get
  Index: 0
  Result[0]: i64
17: Opcode: i64.rem_s
  Param[0]: ref:15(0)
  Param[1]: ref:16(0)
  Result[0]: i64
18: Opcode: i64.const
  Result[0]: i64
19: Opcode: local.get
  Index: 2
  Result[0]: i64
20: Opcode: i64.div_s
  Param[0]: ref:18(0)
  Param[1]: ref:19(0)
  Result[0]: i64
21: Opcode: return
  Param[0]: ref:8(0)
  Param[1]: ref:11(0)
  Param[2]: ref:14(0)
  Param[3]: ref:17(0)
  Param[4]: ref:20(0)
------------------------------
Frame size: 0, Arguments size: 64 (total: 64)
0: Opcode: i64.const
  Result[0]: i64 unused
1: Opcode: local.set
  Addr: sp[40]
  Param[0]: i64 const:0
2: Opcode: i64.const
  Result[0]: i64 unused
3: Opcode: local.set
  Addr: sp[48]
  Param[0]: i64 const:2
4: Opcode: i64.const
  Result[0]: i64 unused
5: Opcode: local.set
  Addr: sp[56]
  Param[0]: i64 const:4
6: Opcode: i64.const
  Result[0]: i64 unused
7: Opcode: local.get
  Addr: sp[40]
  Result[0]: i64 unused
8: Opcode: i64.div_s
  Param[0]: i64 const:6
  Param[1]: i64 sp[40]
  Result[0]: i64 sp[0]
9: Opcode: local.get
  Addr: sp[48]
  Result[0]: i64 unused
10: Opcode: i64.const
  Result[0]: i64 unused
11: Opcode: i64.rem_s
  Param[0]: i64 sp[48]
  Param[1]: i64 const:10
  Result[0]: i64 sp[8]
12: Opcode: i64.const
  Result[0]: i64 unused
13: Opcode: local.get
  Addr: sp[40]
  Result[0]: i64 unused
14: Opcode: i64.div_s
  Param[0]: i64 const:12
  Param[1]: i64 sp[40]
  Result[0]: i64 sp[16]
15: Opcode: local.get
  Addr: sp[48]
  Result[0]: i64 unused
16: Opcode: local.get
  Addr: sp[40]
  Result[0]: i64 unused
17: Opcode: i64.rem_s
  Param[0]: i64 sp[48]
  Param[1]: i64 sp[40]
  Result[0]: i64 sp[24]
18: Opcode: i64.const
  Result[0]: i64 unused
19: Opcode: local.get
  Addr: sp[56]
  Result[0]: i64 unused
20: Opcode: i64.div_s
  Param[0]: i64 const:18
  Param[1]: i64 sp[56]
  Result[0]: i64 sp[32]
21: Opcode: return
  Param[0]: i64 sp[0]
  Param[1]: i64 sp[8]
  Param[2]: i64 sp[16]
  Param[3]: i64 sp[24]
  Param[4]: i64 sp[32]

[[[[[[[  Function   1  ]]]]]]]
Local 0: mapped to: 0 range [1 - 16]
Local 1: mapped to: 1 range [3 - 15]
Local 2: mapped to: 2 range [5 - 19]
Number of locals reduced from 3 to 3
0: Opcode: i64.const
  Result[0]: i64
1: Opcode: local.set
  Index: 0
  Param[0]: ref:0(0)
2: Opcode: i64.const
  Result[0]: i64
3: Opcode: local.set
  Index: 1
  Param[0]: ref:2(0)
4: Opcode: i64.const
  Result[0]: i64
5: Opcode: local.set
  Index: 2
  Param[0]: ref:4(0)
6: Opcode: i64.const
  Result[0]: i64
7: Opcode: local.get
  Index: 0
  Result[0]: i64
8: Opcode: i64.div_u
  Param[0]: ref:6(0)
  Param[1]: ref:7(0)
  Result[0]: i64
9: Opcode: local.get
  Index: 1
  Result[0]: i64
10: Opcode: i64.const
  Result[0]: i64
11: Opcode: i64.rem_u
  Param[0]: ref:9(0)
  Param[1]: ref:10(0)
  Result[0]: i64
12: Opcode: i64.const
  Result[0]: i64
13: Opcode: local.get
  Index: 0
  Result[0]: i64
14: Opcode: i64.div_u
  Param[0]: ref:12(0)
  Param[1]: ref:13(0)
  Result[0]: i64
15: Opcode: local.get
  Index: 1
  Result[0]: i64
16: Opcode: local.get
  Index: 0
  Result[0]: i64
17: Opcode: i64.rem_u
  Param[0]: ref:15(0)
  Param[1]: ref:16(0)
  Result[0]: i64
18: Opcode: i64.const
  Result[0]: i64
19: Opcode: local.get
  Index: 2
  Result[0]: i64
20: Opcode: i64.div_s
  Param[0]: ref:18(0)
  Param[1]: ref:19(0)
  Result[0]: i64
21: Opcode: return
  Param[0]: ref:8(0)
  Param[1]: ref:11(0)
  Param[2]: ref:14(0)
  Param[3]: ref:17(0)
  Param[4]: ref:20(0)
------------------------------
Frame size: 0, Arguments size: 64 (total: 64)
0: Opcode: i64.const
  Result[0]: i64 unused
1: Opcode: local.set
  Addr: sp[40]
  Param[0]: i64 const:0
2: Opcode: i64.const
  Result[0]: i64 unused
3: Opcode: local.set
  Addr: sp[48]
  Param[0]: i64 const:2
4: Opcode: i64.const
  Result[0]: i64 unused
5: Opcode: local.set
  Addr: sp[56]
  Param[0]: i64 const:4
6: Opcode: i64.const
  Result[0]: i64 unused
7: Opcode: local.get
  Addr: sp[40]
  Result[0]: i64 unused
8: Opcode: i64.div_u
  Param[0]: i64 const:6
  Param[1]: i64 sp[40]
  Result[0]: i64 sp[0]
9: Opcode: local.get
  Addr: sp[48]
  Result[0]: i64 unused
10: Opcode: i64.const
  Result[0]: i64 unused
11: Opcode: i64.rem_u
  Param[0]: i64 sp[48]
  Param[1]: i64 const:10
  Result[0]: i64 sp[8]
12: Opcode: i64.const
  Result[0]: i64 unused
13: Opcode: local.get
  Addr: sp[40]
  Result[0]: i64 unused
14: Opcode: i64.div_u
  Param[0]: i64 const:12
  Param[1]: i64 sp[40]
  Result[0]: i64 sp[16]
15: Opcode: local.get
  Addr: sp[48]
  Result[0]: i64 unused
16: Opcode: local.get
  Addr: sp[40]
  Result[0]: i64 unused
17: Opcode: i64.rem_u
  Param[0]: i64 sp[48]
  Param[1]: i64 sp[40]
  Result[0]: i64 sp[24]
18: Opcode: i64.const
  Result[0]: i64 unused
19: Opcode: local.get
  Addr: sp[56]
  Result[0]: i64 unused
20: Opcode: i64.div_s
  Param[0]: i64 const:18
  Param[1]: i64 sp[56]
  Result[0]: i64 sp[32]
21: Opcode: return
  Param[0]: i64 sp[0]
  Param[1]: i64 sp[8]
  Param[2]: i64 sp[16]
  Param[3]: i64 sp[24]
  Param[4]: i64 sp[32]

[[[[[[[  Function   2  ]]]]]]]
Local 0: mapped to: 0 range [1 - 3]
Number of locals reduced from 1 to 1
0: Opcode: i64.const
  Result[0]: i64
1: Opcode: local.set
  Index: 0
  Param[0]: ref:0(0)
2: Opcode: i64.const
  Result[0]: i64
3: Opcode: local.get
  Index: 0
  Result[0]: i64
4: Opcode: i64.div_s
  Param[0]: ref:2(0)
  Param[1]: ref:3(0)
  Result[0]: i64
5: Opcode: return
  Param[0]: ref:4(0)
------------------------------
Frame size: 0, Arguments size: 16 (total: 16)
0: Opcode: i64.const
  Result[0]: i64 unused
1: Opcode: local.set
  Addr: sp[8]
  Param[0]: i64 const:0
2: Opcode: i64.const
  Result[0]: i64 unused
3: Opcode: local.get
  Addr: sp[8]
  Result[0]: i64 unused
4: Opcode: i64.div_s
  Param[0]: i64 const:2
  Param[1]: i64 sp[8]
  Result[0]: i64 sp[0]
5: Opcode: return
  Param[0]: i64 sp[0]

[[[[[[[  Function   3  ]]]]]]]
Local 0: mapped to: 0 range [1 - 3]
Number of locals reduced from 1 to 1
0: Opcode: i64.const
  Result[0]: i64
1: Opcode: local.set
  Index: 0
  Param[0]: ref:0(0)
2: Opcode: i64.const
  Result[0]: i64
3: Opcode: local.get
  Index: 0
  Result[0]: i64
4: Opcode: i64.div_s
  Param[0]: ref:2(0)
  Param[1]: ref:3(0)
  Result[0]: i64
5: Opcode: return
  Param[0]: ref:4(0)
------------------------------
Frame size: 0, Arguments size: 16 (total: 16)
0: Opcode: i64.const
  Result[0]: i64 unused
1: Opcode: local.set
  Addr: sp[8]
  Param[0]: i64 const:0
2: Opcode: i64.const
  Result[0]: i64 unused
3: Opcode: local.get
  Addr: sp[8]
  Result[0]: i64 unused
4: Opcode: i64.div_s
  Param[0]: i64 const:2
  Param[1]: i64 sp[8]
  Result[0]: i64 sp[0]
5: Opcode: return
  Param[0]: i64 sp[0]

[[[[[[[  Function   4  ]]]]]]]
Local 0: mapped to: 0 range [1 - 3]
Number of locals reduced from 1 to 1
0: Opcode: i64.const
  Result[0]: i64
1: Opcode: local.set
  Index: 0
  Param[0]: ref:0(0)
2: Opcode: i64.const
  Result[0]: i64
3: Opcode: local.get
  Index: 0
  Result[0]: i64
4: Opcode: i64.rem_s
  Param[0]: ref:2(0)
  Param[1]: ref:3(0)
  Result[0]: i64
5: Opcode: return
  Param[0]: ref:4(0)
------------------------------
Frame size: 0, Arguments size: 16 (total: 16)
0: Opcode: i64.const
  Result[0]: i64 unused
1: Opcode: local.set
  Addr: sp[8]
  Param[0]: i64 const:0
2: Opcode: i64.const
  Result[0]: i64 unused
3: Opcode: local.get
  Addr: sp[8]
  Result[0]: i64 unused
4: Opcode: i64.rem_s
  Param[0]: i64 const:2
  Param[1]: i64 sp[8]
  Result[0]: i64 sp[0]
5: Opcode: return
  Param[0]: i64 sp[0]

[[[[[[[  Function   5  ]]]]]]]
Local 0: mapped to: 0 range [1 - 3]
Number of locals reduced from 1 to 1
0: Opcode: i64.const
  Result[0]: i64
1: Opcode: local.set
  Index: 0
  Param[0]: ref:0(0)
2: Opcode: i64.const
  Result[0]: i64
3: Opcode: local.get
  Index: 0
  Result[0]: i64
4: Opcode: i64.rem_s
  Param[0]: ref:2(0)
  Param[1]: ref:3(0)
  Result[0]: i64
5: Opcode: return
  Param[0]: ref:4(0)
------------------------------
Frame size: 0, Arguments size: 16 (total: 16)
0: Opcode: i64.const
  Result[0]: i64 unused
1: Opcode: local.set
  Addr: sp[8]
  Param[0]: i64 const:0
2: Opcode: i64.const
  Result[0]: i64 unused
3: Opcode: local.get
  Addr: sp[8]
  Result[0]: i64 unused
4: Opcode: i64.rem_s
  Param[0]: i64 const:2
  Param[1]: i64 sp[8]
  Result[0]: i64 sp[0]
5: Opcode: return
  Param[0]: i64 sp[0]

[[[[[[[  Function   6  ]]]]]]]
Local 0: mapped to: 0 range [1 - 3]
Number of locals reduced from 1 to 1
0: Opcode: i64.const
  Result[0]: i64
1: Opcode: local.set
  Index: 0
  Param[0]: ref:0(0)
2: Opcode: i64.const
  Result[0]: i64
3: Opcode: local.get
  Index: 0
  Result[0]: i64
4: Opcode: i64.div_u
  Param[0]: ref:2(0)
  Param[1]: ref:3(0)
  Result[0]: i64
5: Opcode: return
  Param[0]: ref:4(0)
------------------------------
Frame size: 0, Arguments size: 16 (total: 16)
0: Opcode: i64.const
  Result[0]: i64 unused
1: Opcode: local.set
  Addr: sp[8]
  Param[0]: i64 const:0
2: Opcode: i64.const
  Result[0]: i64 unused
3: Opcode: local.get
  Addr: sp[8]
  Result[0]: i64 unused
4: Opcode: i64.div_u
  Param[0]: i64 const:2
  Param[1]: i64 sp[8]
  Result[0]: i64 sp[0]
5: Opcode: return
  Param[0]: i64 sp[0]

[[[[[[[  Function   7  ]]]]]]]
Local 0: mapped to: 0 range [1 - 3]
Number of locals reduced from 1 to 1
0: Opcode: i64.const
  Result[0]: i64
1: Opcode: local.set
  Index: 0
  Param[0]: ref:0(0)
2: Opcode: i64.const
  Result[0]: i64
3: Opcode: local.get
  Index: 0
  Result[0]: i64
4: Opcode: i64.rem_u
  Param[0]: ref:2(0)
  Param[1]: ref:3(0)
  Result[0]: i64
5: Opcode: return
  Param[0]: ref:4(0)
------------------------------
Frame size: 0, Arguments size: 16 (total: 16)
0: Opcode: i64.const
  Result[0]: i64 unused
1: Opcode: local.set
  Addr: sp[8]
  Param[0]: i64 const:0
2: Opcode: i64.const
  Result[0]: i64 unused
3: Opcode: local.get
  Addr: sp[8]
  Result[0]: i64 unused
4: Opcode: i64.rem_u
  Param[0]: i64 const:2
  Param[1]: i64 sp[8]
  Result[0]: i64 sp[0]
5: Opcode: return
  Param[0]: i64 sp[0]

test1() => i64:124999, i64:59517183, i64:18446744073709548117, i64:9875541666, i64:9223372036854775807
test2() => i64:161289, i64:47774473, i64:2400546455, i64:3772617926, i64:18446744073709551615
test3() => i64:0
test4() => i64:0
test5() => i64:0
test6() => i64:0
test7() => i64:0
test8() => i64:0
