[[[[[[[  Function   0  ]]]]]]]
Local 0: mapped to: 0 range [1 - 16]
Number of locals reduced from 1 to 1
0: Opcode: i64.const
  Result[0]: i64
1: Opcode: local.set
  Index: 0
  Param[0]: ref:0(0)
2: Opcode: i64.const
  Result[0]: i64
3: Opcode: i64.clz
  Param[0]: ref:2(0)
  Result[0]: i64
4: Opcode: local.get
  Index: 0
  Result[0]: i64
5: Opcode: i64.ctz
  Param[0]: ref:4(0)
  Result[0]: i64
6: Opcode: i64.const
  Result[0]: i64
7: Opcode: local.set
  Index: 0
  Param[0]: ref:6(0)
8: Opcode: local.get
  Index: 0
  Result[0]: i64
9: Opcode: i64.clz
  Param[0]: ref:8(0)
  Result[0]: i64
10: Opcode: local.get
  Index: 0
  Result[0]: i64
11: Opcode: i64.ctz
  Param[0]: ref:10(0)
  Result[0]: i64
12: Opcode: i64.const
  Result[0]: i64
13: Opcode: local.set
  Index: 0
  Param[0]: ref:12(0)
14: Opcode: local.get
  Index: 0
  Result[0]: i64
15: Opcode: i64.clz
  Param[0]: ref:14(0)
  Result[0]: i64
16: Opcode: local.get
  Index: 0
  Result[0]: i64
17: Opcode: i64.ctz
  Param[0]: ref:16(0)
  Result[0]: i64
18: Opcode: return
  Param[0]: ref:3(0)
  Param[1]: ref:5(0)
  Param[2]: ref:9(0)
  Param[3]: ref:11(0)
  Param[4]: ref:15(0)
  Param[5]: ref:17(0)
------------------------------
Frame size: 0, Arguments size: 64 (total: 64)
0: Opcode: i64.const
  Result[0]: i64 unused
1: Opcode: local.set
  Addr: sp[48]
  Param[0]: i64 const:0
2: Opcode: i64.const
  Result[0]: i64 unused
3: Opcode: i64.clz
  Param[0]: i64 const:2
  Result[0]: i64 sp[0]
4: Opcode: local.get
  Addr: sp[48]
  Result[0]: i64 unused
5: Opcode: i64.ctz
  Param[0]: i64 sp[48]
  Result[0]: i64 sp[8]
6: Opcode: i64.const
  Result[0]: i64 unused
7: Opcode: local.set
  Addr: sp[48]
  Param[0]: i64 const:6
8: Opcode: local.get
  Addr: sp[48]
  Result[0]: i64 unused
9: Opcode: i64.clz
  Param[0]: i64 sp[48]
  Result[0]: i64 sp[16]
10: Opcode: local.get
  Addr: sp[48]
  Result[0]: i64 unused
11: Opcode: i64.ctz
  Param[0]: i64 sp[48]
  Result[0]: i64 sp[24]
12: Opcode: i64.const
  Result[0]: i64 unused
13: Opcode: local.set
  Addr: sp[48]
  Param[0]: i64 const:12
14: Opcode: local.get
  Addr: sp[48]
  Result[0]: i64 unused
15: Opcode: i64.clz
  Param[0]: i64 sp[48]
  Result[0]: i64 sp[32]
16: Opcode: local.get
  Addr: sp[48]
  Result[0]: i64 unused
17: Opcode: i64.ctz
  Param[0]: i64 sp[48]
  Result[0]: i64 sp[40]
18: Opcode: return
  Param[0]: i64 sp[0]
  Param[1]: i64 sp[8]
  Param[2]: i64 sp[16]
  Param[3]: i64 sp[24]
  Param[4]: i64 sp[32]
  Param[5]: i64 sp[40]

test1() => i64:64, i64:64, i64:16, i64:47, i64:55, i64:8
